Interpreter: runtime error - slice function: invalid borders
