Interpreter: runtime error - slice function: invalid index
