Interpreter: runtime error - index assignment: invalid index
