Lexer: —Åompilation error - Invalid character near line 3
