Parser: —Åompilation error - syntax error, unexpected _STRING_VAR near line 2
