Parser: —Åompilation error - syntax error, unexpected '*', expecting _NUMBER or _NUMBER_VAR or _LEN_FUNC or '(' near line 3
