Parser: —Åompilation error - syntax error, unexpected '*', expecting ';' or '+' near line 4
