Parser: —Åompilation error - syntax error, unexpected ':', expecting ']' near line 3
