Parser: —Åompilation error - syntax error, unexpected ')', expecting '=' or '!' or '<' or '>' near line 3
